// Jest Snapshot v1, https://goo.gl/fbAQLP

exports[`Line Feature component renders correctly 1`] = `
<div
  className="sc-gsDKAQ gagpPD"
>
  <div
    className="sc-hKwDye hza-dq"
  >
    <div
      className="sc-eCImPb flEqpm"
    >
      test
    </div>
  </div>
  <div
    className="sc-dkPtRN hJqBHD"
  >
    <div
      className="sc-jRQBWg cjCSSX"
    >
      <div
        className="sc-gKclnd Mwisz"
        onClick={[Function]}
      >
        20
        <svg
          aria-hidden="true"
          className="svg-inline--fa fa-chevron-down fa-w-14 "
          data-icon="chevron-down"
          data-prefix="fas"
          focusable="false"
          role="img"
          style={Object {}}
          viewBox="0 0 448 512"
          xmlns="http://www.w3.org/2000/svg"
        >
          <path
            d="M207.029 381.476L12.686 187.132c-9.373-9.373-9.373-24.569 0-33.941l22.667-22.667c9.357-9.357 24.522-9.375 33.901-.04L224 284.505l154.745-154.021c9.379-9.335 24.544-9.317 33.901.04l22.667 22.667c9.373 9.373 9.373 24.569 0 33.941L240.971 381.476c-9.373 9.372-24.569 9.372-33.942 0z"
            fill="currentColor"
            style={Object {}}
          />
        </svg>
      </div>
      <div
        className="sc-iCfMLu joRmOP"
      >
        <div
          className="sc-furwcr UmGsm"
          onClick={[Function]}
        >
          10
        </div>
        <div
          className="sc-furwcr UmGsm"
          onClick={[Function]}
        >
          20
        </div>
        <div
          className="sc-furwcr UmGsm"
          onClick={[Function]}
        >
          30
        </div>
        <div
          className="sc-furwcr UmGsm"
          onClick={[Function]}
        >
          40
        </div>
        <div
          className="sc-furwcr UmGsm"
          onClick={[Function]}
        >
          50
        </div>
        <div
          className="sc-furwcr UmGsm"
          onClick={[Function]}
        >
          60
        </div>
        <div
          className="sc-furwcr UmGsm"
          onClick={[Function]}
        >
          70
        </div>
        <div
          className="sc-furwcr UmGsm"
          onClick={[Function]}
        >
          80
        </div>
        <div
          className="sc-furwcr UmGsm"
          onClick={[Function]}
        >
          90
        </div>
        <div
          className="sc-furwcr UmGsm"
          onClick={[Function]}
        >
          100
        </div>
      </div>
    </div>
    <div
      className="sc-bdvvtL bbFHQR"
      onClick={[Function]}
    />
  </div>
</div>
`;
